New TennisGame1 with player1 & player2
New player1Name equals player1
New player2Name equals player2
playerName is player1, m_score1 incremented to 1
GetScore returned Fifteen-Love
playerName is player1, m_score1 incremented to 2
GetScore returned Thirty-Love
playerName is not player1, m_score2 incremented to 1
GetScore returned Thirty-Fifteen
playerName is not player1, m_score2 incremented to 2
GetScore returned Thirty-All
playerName is player1, m_score1 incremented to 3
GetScore returned Forty-Thirty
playerName is player1, m_score1 incremented to 4
GetScore returned Win for player1
