p1point equals 0
player1Name equals player1
player2Name equals player1
p1point incremented
GetScore returned Fifteen-Love
p1point incremented
GetScore returned Thirty-Love
p2point incremented
GetScore returned Thirty-Fifteen
p2point incremented
GetScore returned Thirty-All
p1point incremented
GetScore returned Forty-Thirty
p1point incremented
GetScore returned Win for player1
