New TennisGame3
Player1Name equals player1
Player2Name equals player2
Player player1 score incremented to 1
GetScore returned Fifteen-Love
Player player1 score incremented to 2
GetScore returned Thirty-Love
Player player2 score incremented to 1
GetScore returned Thirty-Fifteen
Player player2 score incremented to 2
GetScore returned Thirty-All
Player player1 score incremented to 3
GetScore returned Forty-Thirty
Player player1 score incremented to 4
GetScore returned Win for player1
