New TennisGame3
Player1Name equals player1
Player2Name equals player2
_p1 incremented
GetScore returned Fifteen-Love
