p1N equals player1
p2N equals player2
GetScore returned Love-All
