player2 won point. Increment score. Score :1
Love-Fifteen
