New TennisGame2
Player1Name equals player1
Player2Name equals player2
Player player2 score incremented to 1
GetScore returned Love-Fifteen
