New TennisGame2
Player1Name equals player1
Player2Name equals player2
_p1Point equals 0
_p1Point incremented
_p2Point incremented
_p1Point incremented
_p2Point incremented
GetScore returned Thirty-All
