New TennisGame1
Player1Name equals player1
Player2Name equals player2
Player2Score incremented
Player2Score incremented
GetScore returned Love-Thirty
