player1 won point. Increment score. Score :1
player2 won point. Increment score. Score :1
player1 won point. Increment score. Score :2
player2 won point. Increment score. Score :2
player1 won point. Increment score. Score :3
player2 won point. Increment score. Score :3
player1 won point. Increment score. Score :4
player2 won point. Increment score. Score :4
player1 won point. Increment score. Score :5
Advantage player1
