player1 won point. Increment score. Score : Fifteen
player2 won point. Increment score. Score : Fifteen
Fifteen-All
