player1 won point. Increment score. Score : Fifteen
player2 won point. Increment score. Score : Fifteen
player1 won point. Increment score. Score : Thirty
player2 won point. Increment score. Score : Thirty
player1 won point. Increment score. Score : Forty
player2 won point. Increment score. Score : Forty
player2 won point and take advantage.
Advantage player2
