player1 won point. Increment score. Score :1
player2 won point. Increment score. Score :1
player1 won point. Increment score. Score :2
player2 won point. Increment score. Score :2
player1 won point. Increment score. Score :3
player2 won point. Increment score. Score :3
player1 won point. Increment score. Score :4
player2 won point. Increment score. Score :4
player1 won point. Increment score. Score :5
player2 won point. Increment score. Score :5
player1 won point. Increment score. Score :6
player2 won point. Increment score. Score :6
player1 won point. Increment score. Score :7
player2 won point. Increment score. Score :7
player1 won point. Increment score. Score :8
player2 won point. Increment score. Score :8
player1 won point. Increment score. Score :9
player2 won point. Increment score. Score :9
player1 won point. Increment score. Score :10
player2 won point. Increment score. Score :10
player1 won point. Increment score. Score :11
player2 won point. Increment score. Score :11
player1 won point. Increment score. Score :12
player2 won point. Increment score. Score :12
player1 won point. Increment score. Score :13
player2 won point. Increment score. Score :13
player1 won point. Increment score. Score :14
player2 won point. Increment score. Score :14
player2 won point. Increment score. Score :15
Advantage player2
