New TennisGame1 with player1 & player2
New player1Name equals player1
New player2Name equals player2
playerName is not player1, m_score2 incremented to 1
playerName is not player1, m_score2 incremented to 2
playerName is not player1, m_score2 incremented to 3
GetScore returned Love-Forty
