player1 won point. Increment score. Score : Fifteen
Fifteen-Love
