New TennisGame3
Player1Name equals player1
Player2Name equals player2
Player1Score incremented
Player2Score incremented
Player1Score incremented
Player1Score incremented
GetScore returned Forty-Fifteen
