p1N equals player1
p2N equals player2
p2 incremented
p2 incremented
GetScore returned Love-Thirty
