player1 won point. Increment score. Score : Fifteen
player2 won point. Increment score. Score : Fifteen
player1 won point. Increment score. Score : Thirty
player1 won point. Increment score. Score : Forty
Forty-Fifteen
