New TennisGame2
Player1Name equals player1
Player2Name equals player2
_p1Point equals 0
_p1Point incremented
_p1Point incremented
_p1Point incremented
_p1Point incremented
GetScore returned Win for player1
