New TennisGame3
Player1Name equals player1
Player2Name equals player2
_p2 incremented
_p2 incremented
_p2 incremented
_p2 incremented
GetScore returned Win for player2
