New TennisGame2
Player1Name equals player1
Player2Name equals player2
_p1Point equals 0
GetScore returned Love-All
