player1 won point. Increment score. Score :1
player2 won point. Increment score. Score :1
player1 won point. Increment score. Score :2
player1 won point. Increment score. Score :3
player1 won point. Increment score. Score :4
Win for player1
