p1point equals 0
player1Name equals player1
player2Name equals player1
p1point incremented
p2point incremented
p1point incremented
p1point incremented
p1point incremented
GetScore returned Win for player1
