player1 won point. Increment score. Score : Fifteen
player2 won point. Increment score. Score : Fifteen
player1 won point. Increment score. Score : Thirty
player2 won point. Increment score. Score : Thirty
player2 won point. Increment score. Score : Forty
Thirty-Forty
