New TennisGame3
Player1Name equals player1
Player2Name equals player2
Player player2 score incremented to 1
Player player2 score incremented to 2
Player player2 score incremented to 3
GetScore returned Love-Forty
