player1 won point. Increment score. Score :1
player1 won point. Increment score. Score :2
Thirty-Love
