player1 won point. Increment score. Score : Fifteen
player2 won point. Increment score. Score : Fifteen
player1 won point. Increment score. Score : Thirty
player2 won point. Increment score. Score : Thirty
player1 won point. Increment score. Score : Forty
player2 won point. Increment score. Score : Forty
player1 won point and take advantage.
player2 won point and take advantage.
player1 won point and take advantage.
player1 won point and so is victorious.
Win for player1
